// Jest Snapshot v1, https://goo.gl/fbAQLP

exports[`Modal component should match snapshot 1`] = `
<DocumentFragment>
  <div
    aria-modal="true"
    class="fixed inset-0 z-50 flex h-screen items-center justify-center bg-slate-900/20 backdrop-blur"
    role="dialog"
    tabindex="-1"
  >
    <div
      class="relative m-auto flex animate-modalAnimation flex-col items-center rounded bg-greenMain px-3 py-12 text-white desktop:px-10 desktop:py-[60px]"
    >
      <button
        aria-label="Zamknij modal"
        class="absolute right-3 top-3"
      >
        <svg
          fill="none"
          height="44"
          viewBox="0 0 44 44"
          width="44"
          xmlns="http://www.w3.org/2000/svg"
        >
          <path
            d="M29 13H15C13.8954 13 13 13.8954 13 15V29C13 30.1046 13.8954 31 15 31H29C30.1046 31 31 30.1046 31 29V15C31 13.8954 30.1046 13 29 13Z"
            stroke="#FFFCF5"
            stroke-linecap="round"
            stroke-linejoin="round"
            stroke-width="2"
          />
          <path
            d="M19 19L25 25"
            stroke="#FFFCF5"
            stroke-linecap="round"
            stroke-linejoin="round"
            stroke-width="2"
          />
          <path
            d="M25 19L19 25"
            stroke="#FFFCF5"
            stroke-linecap="round"
            stroke-linejoin="round"
            stroke-width="2"
          />
        </svg>
      </button>
      Test
    </div>
  </div>
</DocumentFragment>
`;
